------------------------------------------------------------
TimeQuest Timing Analyzer Summary
------------------------------------------------------------

Type  : Slow 1200mV 85C Model Setup 'comb_21|altpll_component|auto_generated|pll1|clk[0]'
Slack : 969.762
TNS   : 0.000

Type  : Slow 1200mV 85C Model Hold 'comb_21|altpll_component|auto_generated|pll1|clk[0]'
Slack : 0.541
TNS   : 0.000

Type  : Slow 1200mV 85C Model Minimum Pulse Width 'clk'
Slack : 9.858
TNS   : 0.000

Type  : Slow 1200mV 85C Model Minimum Pulse Width 'comb_21|altpll_component|auto_generated|pll1|clk[0]'
Slack : 499.718
TNS   : 0.000

Type  : Slow 1200mV 0C Model Setup 'comb_21|altpll_component|auto_generated|pll1|clk[0]'
Slack : 972.129
TNS   : 0.000

Type  : Slow 1200mV 0C Model Hold 'comb_21|altpll_component|auto_generated|pll1|clk[0]'
Slack : 0.506
TNS   : 0.000

Type  : Slow 1200mV 0C Model Minimum Pulse Width 'clk'
Slack : 9.855
TNS   : 0.000

Type  : Slow 1200mV 0C Model Minimum Pulse Width 'comb_21|altpll_component|auto_generated|pll1|clk[0]'
Slack : 499.715
TNS   : 0.000

Type  : Fast 1200mV 0C Model Setup 'comb_21|altpll_component|auto_generated|pll1|clk[0]'
Slack : 986.573
TNS   : 0.000

Type  : Fast 1200mV 0C Model Hold 'comb_21|altpll_component|auto_generated|pll1|clk[0]'
Slack : 0.213
TNS   : 0.000

Type  : Fast 1200mV 0C Model Minimum Pulse Width 'clk'
Slack : 9.423
TNS   : 0.000

Type  : Fast 1200mV 0C Model Minimum Pulse Width 'comb_21|altpll_component|auto_generated|pll1|clk[0]'
Slack : 499.795
TNS   : 0.000

------------------------------------------------------------
